Running test with name: cycle_1
1 --(1)--> 2
2 --(1)--> 0
0 --(-3)--> 1

Running test with name: cycle_2
1 --(1)--> 2
2 --(1)--> 0
0 --(-10)--> 1

Running test with name: cycle_3
0 --(-10)--> 1
1 --(1)--> 3
3 --(1)--> 4
4 --(1)--> 0

Running test with name: cycle_4
0 --(-10)--> 1
1 --(1)--> 3
3 --(1)--> 4
4 --(1)--> 0

Running test with name: cycle_5
0 --(-10)--> 1
1 --(1)--> 2
2 --(1)--> 0

Running test with name: cycle_6
0 --(-10)--> 1
1 --(1)--> 2
2 --(1)--> 0

Running test with name: nocycle_1
No cycle found

Running test with name: nocycle_2
No cycle found

All tests succeeded.
